
DevTools listening on ws://127.0.0.1:9283/devtools/browser/789f4b7f-38fb-4521-95f3-1625a2ac6ef7
Trying to load the allocator multiple times. This is *not* supported.
[6183:13018501:0903/212435.477602:ERROR:ui/display/mac/cv_display_link_mac.mm:195] CVDisplayLinkCreateWithCGDisplay failed. CVReturn: -6670
[6183:13018570:0903/212435.477818:ERROR:ui/display/mac/cv_display_link_mac.mm:195] CVDisplayLinkCreateWithCGDisplay failed. CVReturn: -6670
[6183:13018501:0903/212435.478975:ERROR:ui/display/mac/cv_display_link_mac.mm:195] CVDisplayLinkCreateWithCGDisplay failed. CVReturn: -6670
[6183:13018570:0903/212435.479122:ERROR:ui/display/mac/cv_display_link_mac.mm:195] CVDisplayLinkCreateWithCGDisplay failed. CVReturn: -6670
[6183:13018501:0903/212435.498882:ERROR:ui/display/mac/cv_display_link_mac.mm:195] CVDisplayLinkCreateWithCGDisplay failed. CVReturn: -6670
[6183:13018570:0903/212435.499720:ERROR:ui/display/mac/cv_display_link_mac.mm:195] CVDisplayLinkCreateWithCGDisplay failed. CVReturn: -6670
[6183:13018501:0903/212435.499855:ERROR:ui/display/mac/cv_display_link_mac.mm:195] CVDisplayLinkCreateWithCGDisplay failed. CVReturn: -6670
[6183:13018570:0903/212435.499945:ERROR:ui/display/mac/cv_display_link_mac.mm:195] CVDisplayLinkCreateWithCGDisplay failed. CVReturn: -6670
[6183:13018501:0903/212435.500129:ERROR:ui/display/mac/cv_display_link_mac.mm:195] CVDisplayLinkCreateWithCGDisplay failed. CVReturn: -6670
[6183:13018570:0903/212435.513357:ERROR:ui/display/mac/cv_display_link_mac.mm:195] CVDisplayLinkCreateWithCGDisplay failed. CVReturn: -6670
[6183:13018501:0903/212435.532717:ERROR:ui/display/mac/cv_display_link_mac.mm:195] CVDisplayLinkCreateWithCGDisplay failed. CVReturn: -6670
[6183:13018570:0903/212435.532787:ERROR:ui/display/mac/cv_display_link_mac.mm:195] CVDisplayLinkCreateWithCGDisplay failed. CVReturn: -6670
[6183:13018501:0903/212436.012125:ERROR:ui/display/mac/cv_display_link_mac.mm:195] CVDisplayLinkCreateWithCGDisplay failed. CVReturn: -6670
[6183:13018570:0903/212436.012191:ERROR:ui/display/mac/cv_display_link_mac.mm:195] CVDisplayLinkCreateWithCGDisplay failed. CVReturn: -6670
PASS the studio renders a canvas
[6183:13018501:0903/212437.510606:ERROR:ui/display/mac/cv_display_link_mac.mm:195] CVDisplayLinkCreateWithCGDisplay failed. CVReturn: -6670
[6183:13018570:0903/212437.513381:ERROR:ui/display/mac/cv_display_link_mac.mm:195] CVDisplayLinkCreateWithCGDisplay failed. CVReturn: -6670
[6183:13018501:0903/212437.562015:ERROR:ui/display/mac/cv_display_link_mac.mm:195] CVDisplayLinkCreateWithCGDisplay failed. CVReturn: -6670
[6183:13018570:0903/212437.562096:ERROR:ui/display/mac/cv_display_link_mac.mm:195] CVDisplayLinkCreateWithCGDisplay failed. CVReturn: -6670
PASS the hierarchy offers an Add object control
PASS the catalogue lists primitives and set pieces
[6183:13018501:0903/212437.584771:ERROR:ui/display/mac/cv_display_link_mac.mm:195] CVDisplayLinkCreateWithCGDisplay failed. CVReturn: -6670
[6183:13018570:0903/212437.584849:ERROR:ui/display/mac/cv_display_link_mac.mm:195] CVDisplayLinkCreateWithCGDisplay failed. CVReturn: -6670
[6183:13018501:0903/212437.618903:ERROR:ui/display/mac/cv_display_link_mac.mm:195] CVDisplayLinkCreateWithCGDisplay failed. CVReturn: -6670
[6183:13018570:0903/212437.618976:ERROR:ui/display/mac/cv_display_link_mac.mm:195] CVDisplayLinkCreateWithCGDisplay failed. CVReturn: -6670
[6183:13018501:0903/212437.652031:ERROR:ui/display/mac/cv_display_link_mac.mm:195] CVDisplayLinkCreateWithCGDisplay failed. CVReturn: -6670
[6183:13018570:0903/212437.652102:ERROR:ui/display/mac/cv_display_link_mac.mm:195] CVDisplayLinkCreateWithCGDisplay failed. CVReturn: -6670
[6183:13018501:0903/212437.683798:ERROR:ui/display/mac/cv_display_link_mac.mm:195] CVDisplayLinkCreateWithCGDisplay failed. CVReturn: -6670
[6183:13018570:0903/212437.683879:ERROR:ui/display/mac/cv_display_link_mac.mm:195] CVDisplayLinkCreateWithCGDisplay failed. CVReturn: -6670
[6183:13018501:0903/212437.710559:ERROR:ui/display/mac/cv_display_link_mac.mm:195] CVDisplayLinkCreateWithCGDisplay failed. CVReturn: -6670
[6183:13018570:0903/212437.710631:ERROR:ui/display/mac/cv_display_link_mac.mm:195] CVDisplayLinkCreateWithCGDisplay failed. CVReturn: -6670
[6179:13018488:0903/212437.834576:ERROR:google_apis/gcm/engine/registration_request.cc:291] Registration response error message: DEPRECATED_ENDPOINT
PASS the new object opens in the inspector
PASS the new object appears in the hierarchy
PASS the new object exists in the 3D scene
PASS a new object is created unrotated
PASS the move gizmo exposes three axis arrows
PASS the X arrow is grabbable where it is drawn
FAIL dragging the X arrow slides the object along X — {"Position":[0.55,0,0.7],"Rotation":[0,0,0],"Scale":[1,1,1]}
PASS an X drag leaves the other axes alone
PASS E selects the rotate tool
[6183:13018501:0903/212441.190760:ERROR:ui/display/mac/cv_display_link_mac.mm:195] CVDisplayLinkCreateWithCGDisplay failed. CVReturn: -6670
[6183:13018570:0903/212441.190824:ERROR:ui/display/mac/cv_display_link_mac.mm:195] CVDisplayLinkCreateWithCGDisplay failed. CVReturn: -6670
PASS rotate mode shows one ring per axis plus the screen ring
FAIL the Y ring is grabbable on screen — 
file:///Users/yun/CozyClay-i83/test/verify-object-gizmo.mjs:233
const turnRadius = Math.hypot(ringGrab.x - hubTurn.x, ringGrab.y - hubTurn.y);
                                       ^

TypeError: Cannot read properties of null (reading 'x')
    at file:///Users/yun/CozyClay-i83/test/verify-object-gizmo.mjs:233:40

Node.js v24.19.0
[6179:13018488:0903/212441.776827:ERROR:google_apis/gcm/engine/registration_request.cc:275] Registration URL fetching failed.
[6179:13018488:0903/212441.776958:ERROR:google_apis/gcm/engine/connection_factory_impl.cc:484] ConnectionHandler failed with net error: -2
[6179:13018488:0903/212441.777014:ERROR:google_apis/gcm/engine/registration_request.cc:275] Registration URL fetching failed.
[6179:13018462:0903/212441.781346:ERROR:content/browser/network_service_instance_impl.cc:650] Network service crashed or was terminated, restarting service.
[6179:13018462:0903/212441.800063:ERROR:content/browser/gpu/gpu_process_host.cc:1035] GPU process exited unexpectedly: exit_code=15
