
> cozyclay@1.7.0 build
> vite build

vite v8.2.0 building client environment for production...
[2Ktransforming...
../fonts/inter-latin.woff2 referenced in ../fonts/inter-latin.woff2 didn't resolve at build time, it will remain unchanged to be resolved at runtime
✓ 1030 modules transformed.
rendering chunks...
computing gzip size...
dist/d/index.html                                   2.70 kB │ gzip:   1.03 kB
dist/app/index.html                                 3.33 kB │ gzip:   1.21 kB
dist/demo/index.html                                5.01 kB │ gzip:   1.74 kB
dist/ai-camera-control/index.html                  18.42 kB │ gzip:   5.46 kB
dist/index.html                                    22.43 kB │ gzip:   6.08 kB
dist/assets/basis_transcoder-o4Hde_L7.js           57.52 kB
dist/assets/draco_wasm_wrapper-fZCQGLGb.js         58.45 kB
dist/assets/draco_wasm_wrapper-DxJM36Ib.js         58.76 kB
dist/assets/draco_decoder-Z1_iN-Ht.wasm           192.42 kB │ gzip:  64.11 kB
dist/assets/draco_decoder-C32yEggz.wasm           285.74 kB │ gzip:  89.66 kB
dist/assets/basis_transcoder-VXdx5NbI.wasm        527.33 kB │ gzip: 248.94 kB
dist/assets/draco_decoder-fzg4nYZr.js             719.41 kB
dist/assets/config-DeoFTYzb.css                     6.52 kB │ gzip:   2.02 kB
dist/assets/app-Q8cAV9Me.css                      130.55 kB │ gzip:  25.64 kB
dist/assets/config-Bx7pYsD9.js                      0.26 kB │ gzip:   0.23 kB
dist/assets/modulepreload-polyfill-P2Xu9kJm.js      0.67 kB │ gzip:   0.38 kB
dist/assets/demo-DEAy-8Eq.js                        1.65 kB │ gzip:   1.00 kB
dist/assets/ticket-DbrIKBrJ.js                      5.28 kB │ gzip:   2.21 kB
dist/assets/vision_bundle-jFkh-fIS.js             137.53 kB │ gzip:  40.87 kB
dist/assets/module-MzlRiBjI.js                    250.50 kB │ gzip:  83.31 kB
dist/assets/app-BGTY6yIw.js                     2,114.39 kB │ gzip: 632.78 kB

✓ built in 794ms
[plugin builtin:vite-reporter] 
(!) Some chunks are larger than 500 kB after minification. Consider:
- Using dynamic import() to code-split the application
- Use build.rolldownOptions.output.codeSplitting to improve chunking: https://rolldown.rs/reference/OutputOptions.codeSplitting
- Adjust chunk size limit for this warning via build.chunkSizeWarningLimit.
