
DevTools listening on ws://127.0.0.1:9283/devtools/browser/e0b49148-1c30-46f9-86da-ecd57e9a5609
Trying to load the allocator multiple times. This is *not* supported.
[992:12986669:0903/211805.422163:ERROR:ui/display/mac/cv_display_link_mac.mm:195] CVDisplayLinkCreateWithCGDisplay failed. CVReturn: -6670
[992:12986737:0903/211805.422353:ERROR:ui/display/mac/cv_display_link_mac.mm:195] CVDisplayLinkCreateWithCGDisplay failed. CVReturn: -6670
[992:12986669:0903/211805.422518:ERROR:ui/display/mac/cv_display_link_mac.mm:195] CVDisplayLinkCreateWithCGDisplay failed. CVReturn: -6670
[992:12986737:0903/211805.422549:ERROR:ui/display/mac/cv_display_link_mac.mm:195] CVDisplayLinkCreateWithCGDisplay failed. CVReturn: -6670
[992:12986669:0903/211805.422617:ERROR:ui/display/mac/cv_display_link_mac.mm:195] CVDisplayLinkCreateWithCGDisplay failed. CVReturn: -6670
[992:12986737:0903/211805.422644:ERROR:ui/display/mac/cv_display_link_mac.mm:195] CVDisplayLinkCreateWithCGDisplay failed. CVReturn: -6670
[992:12986669:0903/211805.422705:ERROR:ui/display/mac/cv_display_link_mac.mm:195] CVDisplayLinkCreateWithCGDisplay failed. CVReturn: -6670
[992:12986737:0903/211805.422726:ERROR:ui/display/mac/cv_display_link_mac.mm:195] CVDisplayLinkCreateWithCGDisplay failed. CVReturn: -6670
[992:12986669:0903/211805.422786:ERROR:ui/display/mac/cv_display_link_mac.mm:195] CVDisplayLinkCreateWithCGDisplay failed. CVReturn: -6670
[992:12986737:0903/211805.422809:ERROR:ui/display/mac/cv_display_link_mac.mm:195] CVDisplayLinkCreateWithCGDisplay failed. CVReturn: -6670
[992:12986669:0903/211805.457278:ERROR:ui/display/mac/cv_display_link_mac.mm:195] CVDisplayLinkCreateWithCGDisplay failed. CVReturn: -6670
[992:12986737:0903/211805.457321:ERROR:ui/display/mac/cv_display_link_mac.mm:195] CVDisplayLinkCreateWithCGDisplay failed. CVReturn: -6670
[992:12986669:0903/211806.113552:ERROR:ui/display/mac/cv_display_link_mac.mm:195] CVDisplayLinkCreateWithCGDisplay failed. CVReturn: -6670
[992:12986737:0903/211806.113609:ERROR:ui/display/mac/cv_display_link_mac.mm:195] CVDisplayLinkCreateWithCGDisplay failed. CVReturn: -6670
PASS the studio renders a canvas
[992:12986669:0903/211807.489980:ERROR:ui/display/mac/cv_display_link_mac.mm:195] CVDisplayLinkCreateWithCGDisplay failed. CVReturn: -6670
[992:12986737:0903/211807.490163:ERROR:ui/display/mac/cv_display_link_mac.mm:195] CVDisplayLinkCreateWithCGDisplay failed. CVReturn: -6670
[992:12986669:0903/211807.546670:ERROR:ui/display/mac/cv_display_link_mac.mm:195] CVDisplayLinkCreateWithCGDisplay failed. CVReturn: -6670
[992:12986737:0903/211807.546745:ERROR:ui/display/mac/cv_display_link_mac.mm:195] CVDisplayLinkCreateWithCGDisplay failed. CVReturn: -6670
[992:12986669:0903/211807.569191:ERROR:ui/display/mac/cv_display_link_mac.mm:195] CVDisplayLinkCreateWithCGDisplay failed. CVReturn: -6670
[992:12986737:0903/211807.569242:ERROR:ui/display/mac/cv_display_link_mac.mm:195] CVDisplayLinkCreateWithCGDisplay failed. CVReturn: -6670
[992:12986669:0903/211807.601838:ERROR:ui/display/mac/cv_display_link_mac.mm:195] CVDisplayLinkCreateWithCGDisplay failed. CVReturn: -6670
[992:12986737:0903/211807.601924:ERROR:ui/display/mac/cv_display_link_mac.mm:195] CVDisplayLinkCreateWithCGDisplay failed. CVReturn: -6670
[992:12986669:0903/211807.623982:ERROR:ui/display/mac/cv_display_link_mac.mm:195] CVDisplayLinkCreateWithCGDisplay failed. CVReturn: -6670
[992:12986737:0903/211807.624050:ERROR:ui/display/mac/cv_display_link_mac.mm:195] CVDisplayLinkCreateWithCGDisplay failed. CVReturn: -6670
[992:12986669:0903/211807.659856:ERROR:ui/display/mac/cv_display_link_mac.mm:195] CVDisplayLinkCreateWithCGDisplay failed. CVReturn: -6670
[992:12986737:0903/211807.659913:ERROR:ui/display/mac/cv_display_link_mac.mm:195] CVDisplayLinkCreateWithCGDisplay failed. CVReturn: -6670
[992:12986669:0903/211807.683462:ERROR:ui/display/mac/cv_display_link_mac.mm:195] CVDisplayLinkCreateWithCGDisplay failed. CVReturn: -6670
[992:12986737:0903/211807.683527:ERROR:ui/display/mac/cv_display_link_mac.mm:195] CVDisplayLinkCreateWithCGDisplay failed. CVReturn: -6670
PASS the hierarchy offers an Add object control
PASS the catalogue lists primitives and set pieces
[988:12986655:0903/211807.859267:ERROR:google_apis/gcm/engine/registration_request.cc:291] Registration response error message: DEPRECATED_ENDPOINT
PASS the new object opens in the inspector
PASS the new object appears in the hierarchy
PASS the new object exists in the 3D scene
PASS a new object is created unrotated
PASS the move gizmo exposes three axis arrows
PASS the X arrow is grabbable where it is drawn
FAIL dragging the X arrow slides the object along X — {"Position":[0.55,0,0.7],"Rotation":[0,0,0],"Scale":[1,1,1]}
PASS an X drag leaves the other axes alone
PASS E selects the rotate tool
PASS rotate mode shows one ring per axis plus the screen ring
FAIL the Y ring is grabbable on screen — 
file:///Users/yun/CozyClay-i83/test/verify-object-gizmo.mjs:233
const turnRadius = Math.hypot(ringGrab.x - hubTurn.x, ringGrab.y - hubTurn.y);
                                       ^

TypeError: Cannot read properties of null (reading 'x')
    at file:///Users/yun/CozyClay-i83/test/verify-object-gizmo.mjs:233:40

Node.js v24.19.0
[988:12986655:0903/211811.903003:ERROR:google_apis/gcm/engine/connection_factory_impl.cc:484] ConnectionHandler failed with net error: -2
[988:12986655:0903/211811.903088:ERROR:google_apis/gcm/engine/registration_request.cc:275] Registration URL fetching failed.
[988:12986655:0903/211811.903123:ERROR:google_apis/gcm/engine/registration_request.cc:275] Registration URL fetching failed.
[988:12986628:0903/211811.906307:ERROR:content/browser/network_service_instance_impl.cc:650] Network service crashed or was terminated, restarting service.
[988:12986628:0903/211811.907559:ERROR:content/browser/gpu/gpu_process_host.cc:1035] GPU process exited unexpectedly: exit_code=15
